    Finished `release` profile [optimized] target(s) in 0.16s
     Running `C:\Users\843E~1\AppData\Local\Temp\cursor-sandbox-cache\3a00f963c1df16ed7b531d66a9f96ac1\cargo-target\release\solve.exe --stacks 500,1000,5000 --payouts 0.5,0.3,0.2 --blinds 50,100 --iterations 500 --tolerance 0.00001 --cache equity_cache.bin --verbose-convergence`
Iter 1: push_change=161.000000 call_change=264.000000
Iter 2: push_change=52.000000 call_change=98.500000
Iter 3: push_change=30.333333 call_change=39.166667
Iter 4: push_change=23.166667 call_change=24.000000
Iter 5: push_change=18.700000 call_change=16.500000
Iter 6: push_change=14.300000 call_change=14.400000
Iter 7: push_change=9.500000 call_change=12.000000
Iter 8: push_change=7.089286 call_change=9.714286
Iter 9: push_change=5.652778 call_change=8.000000
Iter 10: push_change=4.711111 call_change=7.066667
Iter 11: push_change=4.145455 call_change=6.327273
Iter 12: push_change=3.636364 call_change=5.765152
Iter 13: push_change=3.153846 call_change=4.993590
Iter 14: push_change=2.741758 call_change=4.670330
Iter 15: push_change=2.319048 call_change=4.114286
Iter 16: push_change=2.029167 call_change=3.941667
Iter 17: push_change=1.790441 call_change=3.566176
Iter 18: push_change=1.591503 call_change=3.477124
Iter 19: push_change=1.418129 call_change=3.216374
Iter 20: push_change=1.289474 call_change=2.944737
Iter 21: push_change=1.171429 call_change=2.816667
Iter 22: push_change=1.064935 call_change=2.588745
Iter 23: push_change=0.984190 call_change=2.407115
Iter 24: push_change=0.918478 call_change=2.331522
Iter 25: push_change=0.868333 call_change=2.185000
Iter 26: push_change=0.801538 call_change=2.093846
Iter 27: push_change=0.753561 call_change=2.038462
Iter 28: push_change=0.724868 call_change=1.989418
Iter 29: push_change=0.697044 call_change=1.852217
Iter 30: push_change=0.672414 call_change=1.762069
Iter 31: push_change=0.641935 call_change=1.704301
Iter 32: push_change=0.601815 call_change=1.652218
Iter 33: push_change=0.565341 call_change=1.552083
Iter 34: push_change=0.549020 call_change=1.490196
Iter 35: push_change=0.574790 call_change=1.433613
Iter 36: push_change=0.573016 call_change=1.381746
Iter 37: push_change=0.561562 call_change=1.307057
Iter 38: push_change=0.532006 call_change=1.238265
Iter 39: push_change=0.504723 call_change=1.174764
Iter 40: push_change=0.479487 call_change=1.116026
Iter 41: push_change=0.490244 call_change=1.061585
Iter 42: push_change=0.486063 call_change=1.003484
Iter 43: push_change=0.502215 call_change=0.978959
Iter 44: push_change=0.513214 call_change=0.913848
Iter 45: push_change=0.565152 call_change=0.873232
Iter 46: push_change=0.559420 call_change=0.835266
Iter 47: push_change=0.555042 call_change=0.796947
Iter 48: push_change=0.531915 call_change=0.763741
Iter 49: push_change=0.510204 call_change=0.733418
Iter 50: push_change=0.489796 call_change=0.715102
Iter 491: push_change=0.013459 call_change=0.014651
Iter 492: push_change=0.013404 call_change=0.014592
Iter 493: push_change=0.013349 call_change=0.014533
Iter 494: push_change=0.013295 call_change=0.014474
Iter 495: push_change=0.013242 call_change=0.014415
Iter 496: push_change=0.013188 call_change=0.014357
Iter 497: push_change=0.013135 call_change=0.014300
Iter 498: push_change=0.013083 call_change=0.014242
Iter 499: push_change=0.013030 call_change=0.014185
Iter 500: push_change=0.012978 call_change=0.014128
Cache 3-way: 15240696 hits / 60457 misses (99.6% hit rate)
Solve time: 2.94s
